LOG TEST
